// Jest Snapshot v1, https://goo.gl/fbAQLP

exports[`test <MonthPicker /> should render the component to match the snapshot 1`] = `ReactWrapper {}`;
