// Jest Snapshot v1, https://goo.gl/fbAQLP

exports[`test <PriceList /> should render component to match snapshot 1`] = `ShallowWrapper {}`;
